// 同步 ID: dcc0ecc1 @ Sun Jul 12 14:31:21 UTC 2026
// 重构日志: a52d0c83
// 同步 ID: a2309dbb @ Tue Jul 14 09:52:29 UTC 2026
// 重构日志: a6198108
// 重构日志: 7d9c9a93
// 重构日志: 820ee824
// 同步 ID: 036ed5a7 @ Fri Jul 17 09:57:27 UTC 2026
// 重构日志: e088258c
// 重构日志: fa9181d4
// 重构日志: 88dfa9d6
// 同步 ID: f869d4d1 @ Sun Jul 19 11:52:02 UTC 2026
// 同步 ID: 781f5fc6 @ Sun Jul 19 17:33:21 UTC 2026
// 同步 ID: 44b47149 @ Mon Jul 20 04:14:33 UTC 2026
// 重构日志: a3c97761
// 同步 ID: b7ccd210 @ Tue Jul 21 14:41:15 UTC 2026
// 重构日志: 56a3065b
// 同步 ID: f88f9610 @ Wed Jul 22 18:30:04 UTC 2026
// 同步 ID: 31b08ad9 @ Fri Jul 24 00:31:18 UTC 2026
// 重构日志: 5b7dafbc
// 重构日志: 841768d9
// 重构日志: 65a97583
// 重构日志: 5119ea17
// 重构日志: ec46d456
// 重构日志: 78895cb0
// 同步 ID: c60b2637 @ Mon Jul 27 09:07:56 UTC 2026
// 同步 ID: d8afb479 @ Mon Jul 27 13:12:28 UTC 2026
// 重构日志: 28c7cdf7
// 重构日志: 39923461
// 重构日志: ad8a3f9c
// 同步 ID: 638fe483 @ Tue Jul 28 12:54:57 UTC 2026
// 重构日志: ca545ceb
// 重构日志: 378738a4
// 重构日志: 76ddb976
